[2023-01-13 12:01:39,117: INFO/MainProcess] Connected to redis://redis:6379/0
[2023-01-13 12:01:39,142: INFO/MainProcess] mingle: searching for neighbors
[2023-01-13 12:01:40,192: INFO/MainProcess] mingle: all alone
[2023-01-13 12:01:40,220: INFO/MainProcess] celery@task_worker ready.
[2023-01-13 12:01:43,070: INFO/MainProcess] Events of group {task} enabled by remote.
[2023-01-13 14:43:09,719: INFO/MainProcess] Received task: tasks.run[f0952c51-685e-48ac-95b9-59449972d19c]  
[2023-01-13 14:43:09,732: DEBUG/ForkPoolWorker-2] Service config: {'type': 'tf_model', 'image': 'rkrikbaev/tf-model:latest', 'network': 'operator_default', 'limits': {'con_mem_limit': '1024m', 'cpuset_cpus': '1'}, 'features': '', 'port': 8005, 'startup': 5}
[2023-01-13 14:43:09,733: DEBUG/ForkPoolWorker-2] {'type': 'tf_model', 'image': 'rkrikbaev/tf-model:latest', 'network': 'operator_default', 'limits': {'con_mem_limit': '1024m', 'cpuset_cpus': '1'}, 'features': '', 'port': 8005, 'startup': 5}
[2023-01-13 14:43:09,754: DEBUG/ForkPoolWorker-2] Create object Service: <class 'service.Service'>
[2023-01-13 14:43:10,965: ERROR/ForkPoolWorker-2] Task tasks.run[f0952c51-685e-48ac-95b9-59449972d19c] raised unexpected: ImageNotFound(HTTPError('404 Client Error: Not Found for url: http+docker://localhost/v1.41/images/create?tag=latest&fromImage=rkrikbaev%2Ftf-model'))
Traceback (most recent call last):
  File "/usr/local/lib/python3.9/site-packages/docker/api/client.py", line 268, in _raise_for_status
    response.raise_for_status()
  File "/usr/local/lib/python3.9/site-packages/requests/models.py", line 1021, in raise_for_status
    raise HTTPError(http_error_msg, response=self)
requests.exceptions.HTTPError: 404 Client Error: Not Found for url: http+docker://localhost/v1.41/containers/create?name=almaty2

During handling of the above exception, another exception occurred:

Traceback (most recent call last):
  File "/usr/local/lib/python3.9/site-packages/docker/models/containers.py", line 811, in run
    container = self.create(image=image, command=command,
  File "/usr/local/lib/python3.9/site-packages/docker/models/containers.py", line 870, in create
    resp = self.client.api.create_container(**create_kwargs)
  File "/usr/local/lib/python3.9/site-packages/docker/api/container.py", line 430, in create_container
    return self.create_container_from_config(config, name)
  File "/usr/local/lib/python3.9/site-packages/docker/api/container.py", line 441, in create_container_from_config
    return self._result(res, True)
  File "/usr/local/lib/python3.9/site-packages/docker/api/client.py", line 274, in _result
    self._raise_for_status(response)
  File "/usr/local/lib/python3.9/site-packages/docker/api/client.py", line 270, in _raise_for_status
    raise create_api_error_from_http_exception(e)
  File "/usr/local/lib/python3.9/site-packages/docker/errors.py", line 31, in create_api_error_from_http_exception
    raise cls(e, response=response, explanation=explanation)
docker.errors.ImageNotFound: 404 Client Error for http+docker://localhost/v1.41/containers/create?name=almaty2: Not Found ("No such image: rkrikbaev/tf-model:latest")

During handling of the above exception, another exception occurred:

Traceback (most recent call last):
  File "/usr/local/lib/python3.9/site-packages/docker/api/client.py", line 268, in _raise_for_status
    response.raise_for_status()
  File "/usr/local/lib/python3.9/site-packages/requests/models.py", line 1021, in raise_for_status
    raise HTTPError(http_error_msg, response=self)
requests.exceptions.HTTPError: 404 Client Error: Not Found for url: http+docker://localhost/v1.41/images/create?tag=latest&fromImage=rkrikbaev%2Ftf-model

During handling of the above exception, another exception occurred:

Traceback (most recent call last):
  File "/usr/local/lib/python3.9/site-packages/celery/app/trace.py", line 412, in trace_task
    R = retval = fun(*args, **kwargs)
  File "/usr/local/lib/python3.9/site-packages/celery/app/trace.py", line 704, in __protected_call__
    return self.run(*args, **kwargs)
  File "/application/tasks.py", line 26, in run
    ip_address, state = srv.deploy(name= model_point.lower())
  File "/application/service.py", line 42, in deploy
    container = self.client.containers.run(
  File "/usr/local/lib/python3.9/site-packages/docker/models/containers.py", line 814, in run
    self.client.images.pull(image, platform=platform)
  File "/usr/local/lib/python3.9/site-packages/docker/models/images.py", line 446, in pull
    pull_log = self.client.api.pull(
  File "/usr/local/lib/python3.9/site-packages/docker/api/image.py", line 430, in pull
    self._raise_for_status(response)
  File "/usr/local/lib/python3.9/site-packages/docker/api/client.py", line 270, in _raise_for_status
    raise create_api_error_from_http_exception(e)
  File "/usr/local/lib/python3.9/site-packages/docker/errors.py", line 31, in create_api_error_from_http_exception
    raise cls(e, response=response, explanation=explanation)
docker.errors.ImageNotFound: 404 Client Error for http+docker://localhost/v1.41/images/create?tag=latest&fromImage=rkrikbaev%2Ftf-model: Not Found ("pull access denied for rkrikbaev/tf-model, repository does not exist or may require 'docker login': denied: requested access to the resource is denied")
[2023-01-13 15:10:14,789: INFO/MainProcess] Connected to redis://redis:6379/0
[2023-01-13 15:10:14,804: INFO/MainProcess] mingle: searching for neighbors
[2023-01-13 15:10:15,840: INFO/MainProcess] mingle: all alone
[2023-01-13 15:10:15,865: INFO/MainProcess] celery@task_worker ready.
[2023-01-13 15:10:17,638: INFO/MainProcess] Events of group {task} enabled by remote.
[2023-01-13 15:11:56,978: INFO/MainProcess] Connected to redis://redis:6379/0
[2023-01-13 15:11:57,006: INFO/MainProcess] mingle: searching for neighbors
[2023-01-13 15:11:58,098: INFO/MainProcess] mingle: all alone
[2023-01-13 15:11:58,124: INFO/MainProcess] celery@task_worker ready.
[2023-01-13 15:12:01,339: INFO/MainProcess] Events of group {task} enabled by remote.
[2023-01-13 15:12:42,097: INFO/MainProcess] Received task: tasks.run[def4bc86-e3f2-4e19-af03-9488b856a316]  
[2023-01-13 15:12:42,108: DEBUG/ForkPoolWorker-2] Read service config file {'type': 'tf_model', 'image': 'rkrikbaev/tf-model:latest', 'network': 'operator_default', 'limits': {'con_mem_limit': '1024m', 'cpuset_cpus': '1'}, 'features': '', 'port': 8005, 'startup': 5}
[2023-01-13 15:12:42,129: DEBUG/ForkPoolWorker-2] Create object Service: <class 'service.Service'>
[2023-01-13 15:12:43,285: ERROR/ForkPoolWorker-2] Task tasks.run[def4bc86-e3f2-4e19-af03-9488b856a316] raised unexpected: ImageNotFound(HTTPError('404 Client Error: Not Found for url: http+docker://localhost/v1.41/images/create?tag=latest&fromImage=rkrikbaev%2Ftf-model'))
Traceback (most recent call last):
  File "/usr/local/lib/python3.9/site-packages/docker/api/client.py", line 268, in _raise_for_status
    response.raise_for_status()
  File "/usr/local/lib/python3.9/site-packages/requests/models.py", line 1021, in raise_for_status
    raise HTTPError(http_error_msg, response=self)
requests.exceptions.HTTPError: 404 Client Error: Not Found for url: http+docker://localhost/v1.41/containers/create?name=almaty2

During handling of the above exception, another exception occurred:

Traceback (most recent call last):
  File "/usr/local/lib/python3.9/site-packages/docker/models/containers.py", line 811, in run
    container = self.create(image=image, command=command,
  File "/usr/local/lib/python3.9/site-packages/docker/models/containers.py", line 870, in create
    resp = self.client.api.create_container(**create_kwargs)
  File "/usr/local/lib/python3.9/site-packages/docker/api/container.py", line 430, in create_container
    return self.create_container_from_config(config, name)
  File "/usr/local/lib/python3.9/site-packages/docker/api/container.py", line 441, in create_container_from_config
    return self._result(res, True)
  File "/usr/local/lib/python3.9/site-packages/docker/api/client.py", line 274, in _result
    self._raise_for_status(response)
  File "/usr/local/lib/python3.9/site-packages/docker/api/client.py", line 270, in _raise_for_status
    raise create_api_error_from_http_exception(e)
  File "/usr/local/lib/python3.9/site-packages/docker/errors.py", line 31, in create_api_error_from_http_exception
    raise cls(e, response=response, explanation=explanation)
docker.errors.ImageNotFound: 404 Client Error for http+docker://localhost/v1.41/containers/create?name=almaty2: Not Found ("No such image: rkrikbaev/tf-model:latest")

During handling of the above exception, another exception occurred:

Traceback (most recent call last):
  File "/usr/local/lib/python3.9/site-packages/docker/api/client.py", line 268, in _raise_for_status
    response.raise_for_status()
  File "/usr/local/lib/python3.9/site-packages/requests/models.py", line 1021, in raise_for_status
    raise HTTPError(http_error_msg, response=self)
requests.exceptions.HTTPError: 404 Client Error: Not Found for url: http+docker://localhost/v1.41/images/create?tag=latest&fromImage=rkrikbaev%2Ftf-model

During handling of the above exception, another exception occurred:

Traceback (most recent call last):
  File "/usr/local/lib/python3.9/site-packages/celery/app/trace.py", line 412, in trace_task
    R = retval = fun(*args, **kwargs)
  File "/usr/local/lib/python3.9/site-packages/celery/app/trace.py", line 704, in __protected_call__
    return self.run(*args, **kwargs)
  File "/application/tasks.py", line 25, in run
    ip_address, state = srv.deploy(name= model_point.lower())
  File "/application/service.py", line 46, in deploy
    container = self.client.containers.run(
  File "/usr/local/lib/python3.9/site-packages/docker/models/containers.py", line 814, in run
    self.client.images.pull(image, platform=platform)
  File "/usr/local/lib/python3.9/site-packages/docker/models/images.py", line 446, in pull
    pull_log = self.client.api.pull(
  File "/usr/local/lib/python3.9/site-packages/docker/api/image.py", line 430, in pull
    self._raise_for_status(response)
  File "/usr/local/lib/python3.9/site-packages/docker/api/client.py", line 270, in _raise_for_status
    raise create_api_error_from_http_exception(e)
  File "/usr/local/lib/python3.9/site-packages/docker/errors.py", line 31, in create_api_error_from_http_exception
    raise cls(e, response=response, explanation=explanation)
docker.errors.ImageNotFound: 404 Client Error for http+docker://localhost/v1.41/images/create?tag=latest&fromImage=rkrikbaev%2Ftf-model: Not Found ("pull access denied for rkrikbaev/tf-model, repository does not exist or may require 'docker login': denied: requested access to the resource is denied")
[2023-01-13 15:19:29,925: INFO/MainProcess] Connected to redis://redis:6379/0
[2023-01-13 15:19:29,959: INFO/MainProcess] mingle: searching for neighbors
[2023-01-13 15:19:31,033: INFO/MainProcess] mingle: all alone
[2023-01-13 15:19:31,053: INFO/MainProcess] celery@task_worker ready.
[2023-01-13 15:19:34,560: INFO/MainProcess] Events of group {task} enabled by remote.
[2023-01-13 15:19:38,967: INFO/MainProcess] Received task: tasks.run[c17148fb-2d0d-41d8-a45c-a340899b85e2]  
[2023-01-13 15:19:38,978: DEBUG/ForkPoolWorker-2] Read service config file {'type': 'tf_model', 'image': 'rkrikbaev/tf-model:latest', 'network': 'operator_default', 'limits': {'con_mem_limit': '1024m', 'cpuset_cpus': '1'}, 'features': '', 'port': 8005, 'startup': 5}
[2023-01-13 15:19:39,000: DEBUG/ForkPoolWorker-2] Create service object <service.Service object at 0x7f4803377490>
[2023-01-13 15:19:39,001: DEBUG/ForkPoolWorker-2] Create object Service: <class 'service.Service'>
[2023-01-13 15:19:39,001: DEBUG/ForkPoolWorker-2] Create & deploy service object <service.Service object at 0x7f4803377490>
[2023-01-13 15:19:40,214: ERROR/ForkPoolWorker-2] Task tasks.run[c17148fb-2d0d-41d8-a45c-a340899b85e2] raised unexpected: ImageNotFound(HTTPError('404 Client Error: Not Found for url: http+docker://localhost/v1.41/images/create?tag=latest&fromImage=rkrikbaev%2Ftf-model'))
Traceback (most recent call last):
  File "/usr/local/lib/python3.9/site-packages/docker/api/client.py", line 268, in _raise_for_status
    response.raise_for_status()
  File "/usr/local/lib/python3.9/site-packages/requests/models.py", line 1021, in raise_for_status
    raise HTTPError(http_error_msg, response=self)
requests.exceptions.HTTPError: 404 Client Error: Not Found for url: http+docker://localhost/v1.41/containers/create?name=almaty2

During handling of the above exception, another exception occurred:

Traceback (most recent call last):
  File "/usr/local/lib/python3.9/site-packages/docker/models/containers.py", line 811, in run
    container = self.create(image=image, command=command,
  File "/usr/local/lib/python3.9/site-packages/docker/models/containers.py", line 870, in create
    resp = self.client.api.create_container(**create_kwargs)
  File "/usr/local/lib/python3.9/site-packages/docker/api/container.py", line 430, in create_container
    return self.create_container_from_config(config, name)
  File "/usr/local/lib/python3.9/site-packages/docker/api/container.py", line 441, in create_container_from_config
    return self._result(res, True)
  File "/usr/local/lib/python3.9/site-packages/docker/api/client.py", line 274, in _result
    self._raise_for_status(response)
  File "/usr/local/lib/python3.9/site-packages/docker/api/client.py", line 270, in _raise_for_status
    raise create_api_error_from_http_exception(e)
  File "/usr/local/lib/python3.9/site-packages/docker/errors.py", line 31, in create_api_error_from_http_exception
    raise cls(e, response=response, explanation=explanation)
docker.errors.ImageNotFound: 404 Client Error for http+docker://localhost/v1.41/containers/create?name=almaty2: Not Found ("No such image: rkrikbaev/tf-model:latest")

During handling of the above exception, another exception occurred:

Traceback (most recent call last):
  File "/usr/local/lib/python3.9/site-packages/docker/api/client.py", line 268, in _raise_for_status
    response.raise_for_status()
  File "/usr/local/lib/python3.9/site-packages/requests/models.py", line 1021, in raise_for_status
    raise HTTPError(http_error_msg, response=self)
requests.exceptions.HTTPError: 404 Client Error: Not Found for url: http+docker://localhost/v1.41/images/create?tag=latest&fromImage=rkrikbaev%2Ftf-model

During handling of the above exception, another exception occurred:

Traceback (most recent call last):
  File "/usr/local/lib/python3.9/site-packages/celery/app/trace.py", line 412, in trace_task
    R = retval = fun(*args, **kwargs)
  File "/usr/local/lib/python3.9/site-packages/celery/app/trace.py", line 704, in __protected_call__
    return self.run(*args, **kwargs)
  File "/application/tasks.py", line 25, in run
    ip_address, state = srv.deploy(name= model_point.lower())
  File "/application/service.py", line 48, in deploy
    container = self.client.containers.run(
  File "/usr/local/lib/python3.9/site-packages/docker/models/containers.py", line 814, in run
    self.client.images.pull(image, platform=platform)
  File "/usr/local/lib/python3.9/site-packages/docker/models/images.py", line 446, in pull
    pull_log = self.client.api.pull(
  File "/usr/local/lib/python3.9/site-packages/docker/api/image.py", line 430, in pull
    self._raise_for_status(response)
  File "/usr/local/lib/python3.9/site-packages/docker/api/client.py", line 270, in _raise_for_status
    raise create_api_error_from_http_exception(e)
  File "/usr/local/lib/python3.9/site-packages/docker/errors.py", line 31, in create_api_error_from_http_exception
    raise cls(e, response=response, explanation=explanation)
docker.errors.ImageNotFound: 404 Client Error for http+docker://localhost/v1.41/images/create?tag=latest&fromImage=rkrikbaev%2Ftf-model: Not Found ("pull access denied for rkrikbaev/tf-model, repository does not exist or may require 'docker login': denied: requested access to the resource is denied")
[2023-01-13 15:30:42,365: INFO/MainProcess] Connected to redis://redis:6379/0
[2023-01-13 15:30:42,440: INFO/MainProcess] mingle: searching for neighbors
[2023-01-13 15:30:43,514: INFO/MainProcess] mingle: all alone
[2023-01-13 15:30:43,538: INFO/MainProcess] celery@task_worker ready.
[2023-01-13 15:30:46,833: INFO/MainProcess] Events of group {task} enabled by remote.
[2023-01-13 15:30:52,890: INFO/MainProcess] Received task: tasks.run[37f2a7ed-e707-47bf-8da8-24bb1316975b]  
[2023-01-13 15:30:52,896: DEBUG/ForkPoolWorker-2] Deploy container with model for: almaty2
[2023-01-13 15:30:52,905: DEBUG/ForkPoolWorker-2] Read service config file {'type': 'tf_model', 'image': 'rkrikbaev/tf-model:latest', 'network': 'operator_default', 'limits': {'con_mem_limit': '1024m', 'cpuset_cpus': '1'}, 'features': '', 'port': 8005, 'startup': 5}
[2023-01-13 15:30:52,927: DEBUG/ForkPoolWorker-2] Init object complited <service.Service object at 0x7f691c2fb4c0>
[2023-01-13 15:30:52,927: DEBUG/ForkPoolWorker-2] Deploy object <service.Service object at 0x7f691c2fb4c0>
[2023-01-13 15:30:54,208: ERROR/ForkPoolWorker-2] Task tasks.run[37f2a7ed-e707-47bf-8da8-24bb1316975b] raised unexpected: ImageNotFound(HTTPError('404 Client Error: Not Found for url: http+docker://localhost/v1.41/images/create?tag=latest&fromImage=rkrikbaev%2Ftf-model'))
Traceback (most recent call last):
  File "/usr/local/lib/python3.9/site-packages/docker/api/client.py", line 268, in _raise_for_status
    response.raise_for_status()
  File "/usr/local/lib/python3.9/site-packages/requests/models.py", line 1021, in raise_for_status
    raise HTTPError(http_error_msg, response=self)
requests.exceptions.HTTPError: 404 Client Error: Not Found for url: http+docker://localhost/v1.41/containers/create?name=almaty2

During handling of the above exception, another exception occurred:

Traceback (most recent call last):
  File "/usr/local/lib/python3.9/site-packages/docker/models/containers.py", line 811, in run
    container = self.create(image=image, command=command,
  File "/usr/local/lib/python3.9/site-packages/docker/models/containers.py", line 870, in create
    resp = self.client.api.create_container(**create_kwargs)
  File "/usr/local/lib/python3.9/site-packages/docker/api/container.py", line 430, in create_container
    return self.create_container_from_config(config, name)
  File "/usr/local/lib/python3.9/site-packages/docker/api/container.py", line 441, in create_container_from_config
    return self._result(res, True)
  File "/usr/local/lib/python3.9/site-packages/docker/api/client.py", line 274, in _result
    self._raise_for_status(response)
  File "/usr/local/lib/python3.9/site-packages/docker/api/client.py", line 270, in _raise_for_status
    raise create_api_error_from_http_exception(e)
  File "/usr/local/lib/python3.9/site-packages/docker/errors.py", line 31, in create_api_error_from_http_exception
    raise cls(e, response=response, explanation=explanation)
docker.errors.ImageNotFound: 404 Client Error for http+docker://localhost/v1.41/containers/create?name=almaty2: Not Found ("No such image: rkrikbaev/tf-model:latest")

During handling of the above exception, another exception occurred:

Traceback (most recent call last):
  File "/usr/local/lib/python3.9/site-packages/docker/api/client.py", line 268, in _raise_for_status
    response.raise_for_status()
  File "/usr/local/lib/python3.9/site-packages/requests/models.py", line 1021, in raise_for_status
    raise HTTPError(http_error_msg, response=self)
requests.exceptions.HTTPError: 404 Client Error: Not Found for url: http+docker://localhost/v1.41/images/create?tag=latest&fromImage=rkrikbaev%2Ftf-model

During handling of the above exception, another exception occurred:

Traceback (most recent call last):
  File "/usr/local/lib/python3.9/site-packages/celery/app/trace.py", line 412, in trace_task
    R = retval = fun(*args, **kwargs)
  File "/usr/local/lib/python3.9/site-packages/celery/app/trace.py", line 704, in __protected_call__
    return self.run(*args, **kwargs)
  File "/application/tasks.py", line 25, in run
    ip_address, state = srv.deploy(model_point)
  File "/application/service.py", line 50, in deploy
    container = self.client.containers.run(
  File "/usr/local/lib/python3.9/site-packages/docker/models/containers.py", line 814, in run
    self.client.images.pull(image, platform=platform)
  File "/usr/local/lib/python3.9/site-packages/docker/models/images.py", line 446, in pull
    pull_log = self.client.api.pull(
  File "/usr/local/lib/python3.9/site-packages/docker/api/image.py", line 430, in pull
    self._raise_for_status(response)
  File "/usr/local/lib/python3.9/site-packages/docker/api/client.py", line 270, in _raise_for_status
    raise create_api_error_from_http_exception(e)
  File "/usr/local/lib/python3.9/site-packages/docker/errors.py", line 31, in create_api_error_from_http_exception
    raise cls(e, response=response, explanation=explanation)
docker.errors.ImageNotFound: 404 Client Error for http+docker://localhost/v1.41/images/create?tag=latest&fromImage=rkrikbaev%2Ftf-model: Not Found ("pull access denied for rkrikbaev/tf-model, repository does not exist or may require 'docker login': denied: requested access to the resource is denied")
[2023-01-13 16:54:31,176: INFO/MainProcess] Connected to redis://redis:6379/0
[2023-01-13 16:54:31,197: INFO/MainProcess] mingle: searching for neighbors
[2023-01-13 16:54:32,249: INFO/MainProcess] mingle: all alone
[2023-01-13 16:54:32,270: INFO/MainProcess] celery@task_worker ready.
[2023-01-13 16:54:35,752: INFO/MainProcess] Events of group {task} enabled by remote.
[2023-01-13 16:55:05,213: INFO/MainProcess] Received task: tasks.run[f95d32e8-2d3e-4237-8958-d54d6fa54ee5]  
[2023-01-13 16:55:05,218: DEBUG/ForkPoolWorker-2] Deploy container with model for: almaty2
[2023-01-13 16:55:05,229: DEBUG/ForkPoolWorker-2] Read service config file {'type': 'tf_model', 'image': 'rkrikbaev/tf-model:latest', 'network': 'operator_default', 'limits': {'con_mem_limit': '1024m', 'cpuset_cpus': '1'}, 'features': '', 'port': 8005, 'startup': 5}
[2023-01-13 16:55:05,251: DEBUG/ForkPoolWorker-2] Create docker client object <docker.client.DockerClient object at 0x7f7a20bb9760>
[2023-01-13 16:55:05,251: DEBUG/ForkPoolWorker-2] Init object complited <service.Service object at 0x7f7a20bb9490>
[2023-01-13 16:55:05,251: DEBUG/ForkPoolWorker-2] Deploy object <service.Service object at 0x7f7a20bb9490>
[2023-01-13 16:55:06,449: ERROR/ForkPoolWorker-2] Task tasks.run[f95d32e8-2d3e-4237-8958-d54d6fa54ee5] raised unexpected: ImageNotFound(HTTPError('404 Client Error: Not Found for url: http+docker://localhost/v1.41/images/create?tag=latest&fromImage=rkrikbaev%2Ftf-model'))
Traceback (most recent call last):
  File "/usr/local/lib/python3.9/site-packages/docker/api/client.py", line 268, in _raise_for_status
    response.raise_for_status()
  File "/usr/local/lib/python3.9/site-packages/requests/models.py", line 1021, in raise_for_status
    raise HTTPError(http_error_msg, response=self)
requests.exceptions.HTTPError: 404 Client Error: Not Found for url: http+docker://localhost/v1.41/containers/create?name=almaty2

During handling of the above exception, another exception occurred:

Traceback (most recent call last):
  File "/usr/local/lib/python3.9/site-packages/docker/models/containers.py", line 811, in run
    container = self.create(image=image, command=command,
  File "/usr/local/lib/python3.9/site-packages/docker/models/containers.py", line 870, in create
    resp = self.client.api.create_container(**create_kwargs)
  File "/usr/local/lib/python3.9/site-packages/docker/api/container.py", line 430, in create_container
    return self.create_container_from_config(config, name)
  File "/usr/local/lib/python3.9/site-packages/docker/api/container.py", line 441, in create_container_from_config
    return self._result(res, True)
  File "/usr/local/lib/python3.9/site-packages/docker/api/client.py", line 274, in _result
    self._raise_for_status(response)
  File "/usr/local/lib/python3.9/site-packages/docker/api/client.py", line 270, in _raise_for_status
    raise create_api_error_from_http_exception(e)
  File "/usr/local/lib/python3.9/site-packages/docker/errors.py", line 31, in create_api_error_from_http_exception
    raise cls(e, response=response, explanation=explanation)
docker.errors.ImageNotFound: 404 Client Error for http+docker://localhost/v1.41/containers/create?name=almaty2: Not Found ("No such image: rkrikbaev/tf-model:latest")

During handling of the above exception, another exception occurred:

Traceback (most recent call last):
  File "/usr/local/lib/python3.9/site-packages/docker/api/client.py", line 268, in _raise_for_status
    response.raise_for_status()
  File "/usr/local/lib/python3.9/site-packages/requests/models.py", line 1021, in raise_for_status
    raise HTTPError(http_error_msg, response=self)
requests.exceptions.HTTPError: 404 Client Error: Not Found for url: http+docker://localhost/v1.41/images/create?tag=latest&fromImage=rkrikbaev%2Ftf-model

During handling of the above exception, another exception occurred:

Traceback (most recent call last):
  File "/usr/local/lib/python3.9/site-packages/celery/app/trace.py", line 412, in trace_task
    R = retval = fun(*args, **kwargs)
  File "/usr/local/lib/python3.9/site-packages/celery/app/trace.py", line 704, in __protected_call__
    return self.run(*args, **kwargs)
  File "/application/tasks.py", line 25, in run
    ip_address, state = srv.deploy(model_point)
  File "/application/service.py", line 51, in deploy
    container = self.client.containers.run(
  File "/usr/local/lib/python3.9/site-packages/docker/models/containers.py", line 814, in run
    self.client.images.pull(image, platform=platform)
  File "/usr/local/lib/python3.9/site-packages/docker/models/images.py", line 446, in pull
    pull_log = self.client.api.pull(
  File "/usr/local/lib/python3.9/site-packages/docker/api/image.py", line 430, in pull
    self._raise_for_status(response)
  File "/usr/local/lib/python3.9/site-packages/docker/api/client.py", line 270, in _raise_for_status
    raise create_api_error_from_http_exception(e)
  File "/usr/local/lib/python3.9/site-packages/docker/errors.py", line 31, in create_api_error_from_http_exception
    raise cls(e, response=response, explanation=explanation)
docker.errors.ImageNotFound: 404 Client Error for http+docker://localhost/v1.41/images/create?tag=latest&fromImage=rkrikbaev%2Ftf-model: Not Found ("pull access denied for rkrikbaev/tf-model, repository does not exist or may require 'docker login': denied: requested access to the resource is denied")
[2023-01-13 17:16:27,079: INFO/MainProcess] Connected to redis://redis:6379/0
[2023-01-13 17:16:27,124: INFO/MainProcess] mingle: searching for neighbors
[2023-01-13 17:16:28,197: INFO/MainProcess] mingle: all alone
[2023-01-13 17:16:28,218: INFO/MainProcess] celery@task_worker ready.
[2023-01-13 17:16:31,418: INFO/MainProcess] Events of group {task} enabled by remote.
[2023-01-13 17:17:07,892: INFO/MainProcess] Received task: tasks.run[7e8ddb0e-9602-495e-a2ed-96ca64f708ca]  
[2023-01-13 17:17:07,898: DEBUG/ForkPoolWorker-2] Deploy container with model for: almaty2
[2023-01-13 17:17:07,912: DEBUG/ForkPoolWorker-2] Read service config file {'type': 'tf_model', 'image': 'rkrikbaev/tf-model:latest', 'network': 'operator_default', 'limits': {'con_mem_limit': '1024m', 'cpuset_cpus': '1'}, 'features': '', 'port': 8005, 'startup': 5}
[2023-01-13 17:17:07,935: DEBUG/ForkPoolWorker-2] Create docker client object <docker.client.DockerClient object at 0x7fa44fb23760>
[2023-01-13 17:17:07,935: DEBUG/ForkPoolWorker-2] Init object complited <service.Service object at 0x7fa44fb23490>
[2023-01-13 17:17:07,935: DEBUG/ForkPoolWorker-2] Deploy object <service.Service object at 0x7fa44fb23490>
[2023-01-13 17:17:08,619: DEBUG/ForkPoolWorker-2] container #almaty2, started with IP: 172.21.0.10
[2023-01-13 17:17:08,620: DEBUG/ForkPoolWorker-2] Container: almaty2, state: running
[2023-01-13 17:17:08,625: DEBUG/ForkPoolWorker-2] query /health success: False: tries: 1: sleep: 1 sec
[2023-01-13 17:18:16,475: DEBUG/ForkPoolWorker-2] query /health success: False: tries: 2: sleep: 4 sec
[2023-01-13 17:18:21,531: DEBUG/ForkPoolWorker-2] query /health success: False: tries: 3: sleep: 9 sec
[2023-01-13 17:18:24,603: DEBUG/ForkPoolWorker-2] query /health success: False: tries: 4: sleep: 16 sec
[2023-01-13 17:18:31,675: DEBUG/ForkPoolWorker-2] query /health success: False: tries: 5: sleep: 25 sec
[2023-01-13 17:18:36,681: DEBUG/ForkPoolWorker-2]  Tried to call a model for point almaty2 5 times
[2023-01-13 17:18:36,691: INFO/ForkPoolWorker-2] Task tasks.run[7e8ddb0e-9602-495e-a2ed-96ca64f708ca] succeeded in 88.79330629482865s: {'state': 'model side caused error', 'point': 'almaty2', 'start_time': None, 'error_text': 'ConnectionError'}
[2023-01-13 17:20:16,086: INFO/MainProcess] Connected to redis://redis:6379/0
[2023-01-13 17:20:16,127: INFO/MainProcess] mingle: searching for neighbors
[2023-01-13 17:20:17,200: INFO/MainProcess] mingle: all alone
[2023-01-13 17:20:17,230: INFO/MainProcess] celery@task_worker ready.
[2023-01-13 17:20:20,521: INFO/MainProcess] Events of group {task} enabled by remote.
[2023-01-13 17:20:23,335: INFO/MainProcess] Received task: tasks.run[65bcbe65-0b52-461b-9d43-731fd0baaf79]  
[2023-01-13 17:20:23,340: DEBUG/ForkPoolWorker-2] Deploy container with model for: almaty2
[2023-01-13 17:20:23,349: DEBUG/ForkPoolWorker-2] Read service config file {'type': 'tf_model', 'image': 'rkrikbaev/tf-model:latest', 'network': 'operator_default', 'limits': {'con_mem_limit': '1024m', 'cpuset_cpus': '1'}, 'features': '', 'port': 8005, 'startup': 5}
[2023-01-13 17:20:23,370: DEBUG/ForkPoolWorker-2] Create docker client object <docker.client.DockerClient object at 0x7fac55667790>
[2023-01-13 17:20:23,371: DEBUG/ForkPoolWorker-2] Init object complited <service.Service object at 0x7fac556674c0>
[2023-01-13 17:20:23,372: DEBUG/ForkPoolWorker-2] Deploy object <service.Service object at 0x7fac556674c0>
[2023-01-13 17:20:23,405: DEBUG/ForkPoolWorker-2] Delete exist container: almaty2
[2023-01-13 17:20:26,079: DEBUG/ForkPoolWorker-2] container #almaty2, started with IP: 172.21.0.10
[2023-01-13 17:20:26,080: DEBUG/ForkPoolWorker-2] Container: almaty2, state: running
[2023-01-13 17:20:26,085: DEBUG/ForkPoolWorker-2] query /health success: False: tries: 1: sleep: 1 sec
[2023-01-13 17:22:37,596: DEBUG/ForkPoolWorker-2] query /health success: False: tries: 2: sleep: 4 sec
[2023-01-13 17:22:42,651: DEBUG/ForkPoolWorker-2] query /health success: False: tries: 3: sleep: 9 sec
[2023-01-13 17:22:45,723: DEBUG/ForkPoolWorker-2] query /health success: False: tries: 4: sleep: 16 sec
[2023-01-13 17:22:52,796: DEBUG/ForkPoolWorker-2] query /health success: False: tries: 5: sleep: 25 sec
[2023-01-13 17:22:57,801: DEBUG/ForkPoolWorker-2]  Tried to call a model for point almaty2 5 times
[2023-01-13 17:22:57,816: INFO/ForkPoolWorker-2] Task tasks.run[65bcbe65-0b52-461b-9d43-731fd0baaf79] succeeded in 154.47620750870556s: {'state': 'model side caused error', 'point': 'almaty2', 'start_time': None, 'error_text': 'ConnectionError'}
[2023-01-13 17:28:36,653: INFO/MainProcess] Connected to redis://redis:6379/0
[2023-01-13 17:28:36,673: INFO/MainProcess] mingle: searching for neighbors
[2023-01-13 17:28:37,737: INFO/MainProcess] mingle: all alone
[2023-01-13 17:28:37,755: INFO/MainProcess] celery@task_worker ready.
[2023-01-13 17:28:41,146: INFO/MainProcess] Events of group {task} enabled by remote.
[2023-01-13 17:28:43,850: INFO/MainProcess] Received task: tasks.run[e26aa879-e599-4b35-a5c0-b283c0c8a53a]  
[2023-01-13 17:28:43,855: DEBUG/ForkPoolWorker-2] Deploy container with model for: almaty2
[2023-01-13 17:28:43,867: DEBUG/ForkPoolWorker-2] Read service config file {'type': 'tf_model', 'image': 'rkrikbaev/tf-model:latest', 'network': 'operator_default', 'limits': {'con_mem_limit': '1024m', 'cpuset_cpus': '1'}, 'features': '', 'port': 8005, 'startup': 5}
[2023-01-13 17:28:43,899: DEBUG/ForkPoolWorker-2] Create docker client object <docker.client.DockerClient object at 0x7f3d2bb2a760>
[2023-01-13 17:28:43,899: DEBUG/ForkPoolWorker-2] Init object complited <service.Service object at 0x7f3d2bb2a490>
[2023-01-13 17:28:43,900: DEBUG/ForkPoolWorker-2] Deploy object <service.Service object at 0x7f3d2bb2a490>
[2023-01-13 17:28:43,918: DEBUG/ForkPoolWorker-2] Delete exist container: almaty2
[2023-01-13 17:28:46,564: DEBUG/ForkPoolWorker-2] container #almaty2, started with IP: 172.21.0.10
[2023-01-13 17:28:46,565: DEBUG/ForkPoolWorker-2] Container: almaty2, state: running
[2023-01-13 17:28:46,569: DEBUG/ForkPoolWorker-2] query /health success: False: tries: 1: sleep: 1 sec
[2023-01-13 17:30:57,308: DEBUG/ForkPoolWorker-2] query /health success: False: tries: 2: sleep: 4 sec
[2023-01-13 17:31:02,363: DEBUG/ForkPoolWorker-2] query /health success: False: tries: 3: sleep: 9 sec
[2023-01-13 17:31:05,435: DEBUG/ForkPoolWorker-2] query /health success: False: tries: 4: sleep: 16 sec
[2023-01-13 17:31:12,507: DEBUG/ForkPoolWorker-2] query /health success: False: tries: 5: sleep: 25 sec
[2023-01-13 17:31:17,513: DEBUG/ForkPoolWorker-2]  Tried to call a model for point almaty2 5 times
[2023-01-13 17:31:17,610: INFO/ForkPoolWorker-2] Task tasks.run[e26aa879-e599-4b35-a5c0-b283c0c8a53a] succeeded in 153.75540103577077s: {'state': 'model side caused error', 'point': 'almaty2', 'start_time': None, 'error_text': 'ConnectionError'}
[2023-01-14 16:12:24,760: INFO/MainProcess] Received task: tasks.run[c00bc5fb-d5e5-444a-af85-4ab42b281e65]  
[2023-01-14 16:12:24,767: DEBUG/ForkPoolWorker-2] Deploy container with model for: almaty2
[2023-01-14 16:12:24,775: DEBUG/ForkPoolWorker-2] Read service config file {'type': 'tf_model', 'image': 'rkrikbaev/tf-model:latest', 'network': 'operator_default', 'limits': {'con_mem_limit': '1024m', 'cpuset_cpus': '1'}, 'features': '', 'port': 8005, 'startup': 5}
[2023-01-14 16:12:24,793: DEBUG/ForkPoolWorker-2] Create docker client object <docker.client.DockerClient object at 0x7f3d2ba79790>
[2023-01-14 16:12:24,793: DEBUG/ForkPoolWorker-2] Init object complited <service.Service object at 0x7f3d2badbe20>
[2023-01-14 16:12:24,793: DEBUG/ForkPoolWorker-2] Deploy object <service.Service object at 0x7f3d2badbe20>
[2023-01-14 16:12:24,820: DEBUG/ForkPoolWorker-2] Delete exist container: almaty2
[2023-01-14 16:12:27,494: DEBUG/ForkPoolWorker-2] container #almaty2, started with IP: 172.21.0.10
[2023-01-14 16:12:27,495: DEBUG/ForkPoolWorker-2] Container: almaty2, state: running
[2023-01-14 16:12:27,499: DEBUG/ForkPoolWorker-2] query /health success: False: tries: 1: sleep: 1 sec
[2023-01-14 16:13:36,539: DEBUG/ForkPoolWorker-2] query /health success: False: tries: 2: sleep: 4 sec
[2023-01-14 16:13:41,596: DEBUG/ForkPoolWorker-2] query /health success: False: tries: 3: sleep: 9 sec
[2023-01-14 16:13:44,667: DEBUG/ForkPoolWorker-2] query /health success: False: tries: 4: sleep: 16 sec
[2023-01-14 16:13:51,739: DEBUG/ForkPoolWorker-2] query /health success: False: tries: 5: sleep: 25 sec
[2023-01-14 16:13:56,745: DEBUG/ForkPoolWorker-2]  Tried to call a model for point almaty2 5 times
[2023-01-14 16:13:56,749: INFO/ForkPoolWorker-2] Task tasks.run[c00bc5fb-d5e5-444a-af85-4ab42b281e65] succeeded in 91.98143990058452s: {'state': 'model side caused error', 'point': 'almaty2', 'start_time': None, 'error_text': 'ConnectionError'}
[2023-01-14 16:44:36,645: INFO/MainProcess] Connected to redis://redis:6379/0
[2023-01-14 16:44:36,664: INFO/MainProcess] mingle: searching for neighbors
[2023-01-14 16:44:37,752: INFO/MainProcess] mingle: all alone
[2023-01-14 16:44:37,791: INFO/MainProcess] celery@task_worker ready.
[2023-01-14 16:44:40,889: INFO/MainProcess] Events of group {task} enabled by remote.
[2023-01-14 16:44:54,622: INFO/MainProcess] Received task: tasks.run[8c12d853-e3d2-4070-9fe9-2503bd3f6da7]  
[2023-01-14 16:44:54,626: DEBUG/ForkPoolWorker-2] Deploy container with model for: almaty2
[2023-01-14 16:44:54,636: DEBUG/ForkPoolWorker-2] Read service config file {'type': 'tf_model', 'image': 'rkrikbaev/tf-model:latest', 'network': 'operator_default', 'limits': {'con_mem_limit': '1024m', 'cpuset_cpus': '1'}, 'features': '', 'port': 8005, 'startup': 5}
[2023-01-14 16:44:54,655: DEBUG/ForkPoolWorker-2] Create docker client object <docker.client.DockerClient object at 0x7f4e5160d9a0>
[2023-01-14 16:44:54,656: DEBUG/ForkPoolWorker-2] Init object complited <service.Service object at 0x7f4e5160d6d0>
[2023-01-14 16:44:54,656: DEBUG/ForkPoolWorker-2] Deploy object <service.Service object at 0x7f4e5160d6d0>
[2023-01-14 16:44:54,761: DEBUG/ForkPoolWorker-2] Delete exist container: almaty2
[2023-01-14 16:44:56,764: DEBUG/ForkPoolWorker-2] /opt/modelregistry/mlruns:/opt/mlruns
[2023-01-14 16:44:56,764: DEBUG/ForkPoolWorker-2] /opt/operator/mlservices/tf_model:/application
[2023-01-14 16:44:58,787: DEBUG/ForkPoolWorker-2] container #almaty2, started with IP: 172.21.0.10
[2023-01-14 16:44:58,787: DEBUG/ForkPoolWorker-2] Container: almaty2, state: running
[2023-01-14 16:44:58,792: DEBUG/ForkPoolWorker-2] query /health success: False: tries: 1: sleep: 1 sec
[2023-01-14 16:45:01,016: DEBUG/ForkPoolWorker-2] query url: http://172.21.0.10:8005/action
[2023-01-14 16:45:01,016: DEBUG/ForkPoolWorker-2] query payload: <built-in method keys of dict object at 0x7f4e51598dc0>
[2023-01-14 16:45:11,033: DEBUG/ForkPoolWorker-2] query /health success: True: tries: 2: sleep: 4 sec
[2023-01-14 16:45:19,480: DEBUG/ForkPoolWorker-2] query url: http://172.21.0.10:8005/action
[2023-01-14 16:45:19,481: DEBUG/ForkPoolWorker-2] query payload: <built-in method keys of dict object at 0x7f4e51598dc0>
[2023-01-14 16:45:29,489: DEBUG/ForkPoolWorker-2] query /health success: False: tries: 3: sleep: 9 sec
[2023-01-14 16:45:32,671: DEBUG/ForkPoolWorker-2] query url: http://172.21.0.10:8005/action
[2023-01-14 16:45:32,672: DEBUG/ForkPoolWorker-2] query payload: <built-in method keys of dict object at 0x7f4e51598dc0>
[2023-01-14 16:45:42,683: DEBUG/ForkPoolWorker-2] query /health success: False: tries: 4: sleep: 16 sec
[2023-01-14 16:45:47,455: DEBUG/ForkPoolWorker-2] query url: http://172.21.0.10:8005/action
[2023-01-14 16:45:47,456: DEBUG/ForkPoolWorker-2] query payload: <built-in method keys of dict object at 0x7f4e51598dc0>
[2023-01-14 16:45:57,467: DEBUG/ForkPoolWorker-2] query /health success: False: tries: 5: sleep: 25 sec
[2023-01-14 16:46:02,473: DEBUG/ForkPoolWorker-2]  Tried to call a model for point almaty2 5 times
[2023-01-14 16:46:02,500: INFO/ForkPoolWorker-2] Task tasks.run[8c12d853-e3d2-4070-9fe9-2503bd3f6da7] succeeded in 67.87458508461714s: {'state': 'model side caused error', 'point': 'almaty2', 'start_time': '2023-01-14 16:45:47.456339', 'error_text': 'ConnectionError'}
[2023-01-14 16:46:48,436: INFO/MainProcess] Received task: tasks.run[41719ba2-c0d8-460a-9282-1a49e5ca49d4]  
[2023-01-14 16:46:48,439: DEBUG/ForkPoolWorker-2] Deploy container with model for: almaty2
[2023-01-14 16:46:48,450: DEBUG/ForkPoolWorker-2] Read service config file {'type': 'tf_model', 'image': 'rkrikbaev/tf-model:latest', 'network': 'operator_default', 'limits': {'con_mem_limit': '1024m', 'cpuset_cpus': '1'}, 'features': '', 'port': 8005, 'startup': 5}
[2023-01-14 16:46:48,464: DEBUG/ForkPoolWorker-2] Create docker client object <docker.client.DockerClient object at 0x7f4e515b4be0>
[2023-01-14 16:46:48,465: DEBUG/ForkPoolWorker-2] Init object complited <service.Service object at 0x7f4e515b4940>
[2023-01-14 16:46:48,466: DEBUG/ForkPoolWorker-2] Deploy object <service.Service object at 0x7f4e515b4940>
[2023-01-14 16:46:48,839: DEBUG/ForkPoolWorker-2] Delete exist container: almaty2
[2023-01-14 16:46:50,842: DEBUG/ForkPoolWorker-2] /opt/modelregistry/mlruns:/opt/mlruns
[2023-01-14 16:46:50,842: DEBUG/ForkPoolWorker-2] /opt/operator/mlservices/tf_model:/application
[2023-01-14 16:46:51,416: DEBUG/ForkPoolWorker-2] container #almaty2, started with IP: 172.21.0.10
[2023-01-14 16:46:51,417: DEBUG/ForkPoolWorker-2] Container: almaty2, state: running
[2023-01-14 16:46:51,420: DEBUG/ForkPoolWorker-2] query /health success: False: tries: 1: sleep: 1 sec
[2023-01-14 16:46:53,850: DEBUG/ForkPoolWorker-2] query url: http://172.21.0.10:8005/action
[2023-01-14 16:46:53,851: DEBUG/ForkPoolWorker-2] query payload: <built-in method keys of dict object at 0x7f4e51599080>
[2023-01-14 16:46:54,043: INFO/MainProcess] Received task: tasks.run[20fa9b79-c3c7-45e5-8771-d67859234c4c]  
[2023-01-14 16:46:54,047: DEBUG/ForkPoolWorker-1] Deploy container with model for: almaty2
[2023-01-14 16:46:54,058: DEBUG/ForkPoolWorker-1] Read service config file {'type': 'tf_model', 'image': 'rkrikbaev/tf-model:latest', 'network': 'operator_default', 'limits': {'con_mem_limit': '1024m', 'cpuset_cpus': '1'}, 'features': '', 'port': 8005, 'startup': 5}
[2023-01-14 16:46:54,078: DEBUG/ForkPoolWorker-1] Create docker client object <docker.client.DockerClient object at 0x7f4e5160c6a0>
[2023-01-14 16:46:54,078: DEBUG/ForkPoolWorker-1] Init object complited <service.Service object at 0x7f4e5160c3a0>
[2023-01-14 16:46:54,078: DEBUG/ForkPoolWorker-1] Deploy object <service.Service object at 0x7f4e5160c3a0>
[2023-01-14 16:46:54,136: DEBUG/ForkPoolWorker-2] query /health success: True: tries: 2: sleep: 4 sec
[2023-01-14 16:46:54,290: DEBUG/ForkPoolWorker-1] Delete exist container: almaty2
[2023-01-14 16:46:56,293: DEBUG/ForkPoolWorker-1] /opt/modelregistry/mlruns:/opt/mlruns
[2023-01-14 16:46:56,293: DEBUG/ForkPoolWorker-1] /opt/operator/mlservices/tf_model:/application
[2023-01-14 16:46:56,805: DEBUG/ForkPoolWorker-1] container #almaty2, started with IP: 172.21.0.10
[2023-01-14 16:46:56,805: DEBUG/ForkPoolWorker-1] Container: almaty2, state: running
[2023-01-14 16:46:56,809: DEBUG/ForkPoolWorker-1] query /health success: False: tries: 1: sleep: 1 sec
[2023-01-14 16:46:58,749: DEBUG/ForkPoolWorker-2] query url: http://172.21.0.10:8005/action
[2023-01-14 16:46:58,750: DEBUG/ForkPoolWorker-2] query payload: <built-in method keys of dict object at 0x7f4e51599080>
[2023-01-14 16:46:58,754: DEBUG/ForkPoolWorker-1] query url: http://172.21.0.10:8005/action
[2023-01-14 16:46:58,755: DEBUG/ForkPoolWorker-1] query payload: <built-in method keys of dict object at 0x7f4e515fcfc0>
[2023-01-14 16:46:59,522: INFO/MainProcess] Received task: tasks.run[11b72b37-b7a0-4f10-b7bb-57c24149cad5]  
[2023-01-14 16:47:08,764: DEBUG/ForkPoolWorker-2] query /health success: False: tries: 3: sleep: 9 sec
[2023-01-14 16:47:08,765: DEBUG/ForkPoolWorker-1] query /health success: True: tries: 2: sleep: 4 sec
[2023-01-14 16:47:26,719: DEBUG/ForkPoolWorker-1] query url: http://172.21.0.10:8005/action
[2023-01-14 16:47:26,721: DEBUG/ForkPoolWorker-1] query payload: <built-in method keys of dict object at 0x7f4e515fcfc0>
[2023-01-14 16:47:26,721: DEBUG/ForkPoolWorker-2] query url: http://172.21.0.10:8005/action
[2023-01-14 16:47:26,722: DEBUG/ForkPoolWorker-2] query payload: <built-in method keys of dict object at 0x7f4e51599080>
[2023-01-14 16:47:28,715: INFO/MainProcess] Received task: tasks.run[36aed55a-200f-411e-b500-c8ec96e3c565]  
[2023-01-14 16:47:36,731: DEBUG/ForkPoolWorker-1] query /health success: False: tries: 3: sleep: 9 sec
[2023-01-14 16:47:36,731: DEBUG/ForkPoolWorker-2] query /health success: False: tries: 4: sleep: 16 sec
[2023-01-14 16:47:49,742: DEBUG/ForkPoolWorker-1] query url: http://172.21.0.10:8005/action
[2023-01-14 16:47:49,742: DEBUG/ForkPoolWorker-1] query payload: <built-in method keys of dict object at 0x7f4e515fcfc0>
[2023-01-14 16:47:49,747: DEBUG/ForkPoolWorker-2] query url: http://172.21.0.10:8005/action
[2023-01-14 16:47:49,748: DEBUG/ForkPoolWorker-2] query payload: <built-in method keys of dict object at 0x7f4e51599080>
[2023-01-14 16:47:59,755: DEBUG/ForkPoolWorker-1] query /health success: False: tries: 4: sleep: 16 sec
[2023-01-14 16:47:59,761: DEBUG/ForkPoolWorker-2] query /health success: False: tries: 5: sleep: 25 sec
[2023-01-14 16:48:04,763: DEBUG/ForkPoolWorker-2]  Tried to call a model for point almaty2 5 times
[2023-01-14 16:48:04,766: INFO/ForkPoolWorker-2] Task tasks.run[41719ba2-c0d8-460a-9282-1a49e5ca49d4] succeeded in 76.32645219005644s: {'state': 'model side caused error', 'point': 'almaty2', 'start_time': '2023-01-14 16:47:49.748198', 'error_text': 'ConnectionError'}
[2023-01-14 16:48:04,770: DEBUG/ForkPoolWorker-2] Deploy container with model for: almaty2
[2023-01-14 16:48:04,778: DEBUG/ForkPoolWorker-2] Read service config file {'type': 'tf_model', 'image': 'rkrikbaev/tf-model:latest', 'network': 'operator_default', 'limits': {'con_mem_limit': '1024m', 'cpuset_cpus': '1'}, 'features': '', 'port': 8005, 'startup': 5}
[2023-01-14 16:48:04,798: DEBUG/ForkPoolWorker-2] Create docker client object <docker.client.DockerClient object at 0x7f4e5155ed90>
[2023-01-14 16:48:04,799: DEBUG/ForkPoolWorker-2] Init object complited <service.Service object at 0x7f4e5155e760>
[2023-01-14 16:48:04,799: DEBUG/ForkPoolWorker-2] Deploy object <service.Service object at 0x7f4e5155e760>
[2023-01-14 16:48:04,936: DEBUG/ForkPoolWorker-1] query /health success: False: tries: 5: sleep: 25 sec
[2023-01-14 16:48:05,100: DEBUG/ForkPoolWorker-2] Delete exist container: almaty2
[2023-01-14 16:48:07,102: DEBUG/ForkPoolWorker-2] /opt/modelregistry/mlruns:/opt/mlruns
[2023-01-14 16:48:07,103: DEBUG/ForkPoolWorker-2] /opt/operator/mlservices/tf_model:/application
[2023-01-14 16:48:07,658: DEBUG/ForkPoolWorker-2] container #almaty2, started with IP: 172.21.0.10
[2023-01-14 16:48:07,658: DEBUG/ForkPoolWorker-2] Container: almaty2, state: running
[2023-01-14 16:48:07,664: DEBUG/ForkPoolWorker-2] query /health success: False: tries: 1: sleep: 1 sec
[2023-01-14 16:48:09,578: DEBUG/ForkPoolWorker-2] query url: http://172.21.0.10:8005/action
[2023-01-14 16:48:09,579: DEBUG/ForkPoolWorker-2] query payload: <built-in method keys of dict object at 0x7f4e515793c0>
[2023-01-14 16:48:09,939: DEBUG/ForkPoolWorker-1]  Tried to call a model for point almaty2 5 times
[2023-01-14 16:48:09,943: INFO/ForkPoolWorker-1] Task tasks.run[20fa9b79-c3c7-45e5-8771-d67859234c4c] succeeded in 75.89597953483462s: {'state': 'model side caused error', 'point': 'almaty2', 'start_time': '2023-01-14 16:47:49.742790', 'error_text': 'ConnectionError'}
[2023-01-14 16:48:09,947: DEBUG/ForkPoolWorker-1] Deploy container with model for: almaty2
[2023-01-14 16:48:09,963: DEBUG/ForkPoolWorker-1] Read service config file {'type': 'tf_model', 'image': 'rkrikbaev/tf-model:latest', 'network': 'operator_default', 'limits': {'con_mem_limit': '1024m', 'cpuset_cpus': '1'}, 'features': '', 'port': 8005, 'startup': 5}
[2023-01-14 16:48:09,984: DEBUG/ForkPoolWorker-1] Create docker client object <docker.client.DockerClient object at 0x7f4e51574430>
[2023-01-14 16:48:09,984: DEBUG/ForkPoolWorker-1] Init object complited <service.Service object at 0x7f4e51574100>
[2023-01-14 16:48:09,984: DEBUG/ForkPoolWorker-1] Deploy object <service.Service object at 0x7f4e51574100>
[2023-01-14 16:48:10,040: DEBUG/ForkPoolWorker-2] query /health success: True: tries: 2: sleep: 4 sec
[2023-01-14 16:48:10,226: DEBUG/ForkPoolWorker-1] Delete exist container: almaty2
[2023-01-14 16:48:12,228: DEBUG/ForkPoolWorker-1] /opt/modelregistry/mlruns:/opt/mlruns
[2023-01-14 16:48:12,229: DEBUG/ForkPoolWorker-1] /opt/operator/mlservices/tf_model:/application
[2023-01-14 16:48:12,779: DEBUG/ForkPoolWorker-1] container #almaty2, started with IP: 172.21.0.10
[2023-01-14 16:48:12,780: DEBUG/ForkPoolWorker-1] Container: almaty2, state: running
[2023-01-14 16:48:12,783: DEBUG/ForkPoolWorker-1] query /health success: False: tries: 1: sleep: 1 sec
[2023-01-14 16:48:13,051: DEBUG/ForkPoolWorker-2] query /health success: True: tries: 3: sleep: 9 sec
[2023-01-14 16:48:14,752: DEBUG/ForkPoolWorker-1] query url: http://172.21.0.10:8005/action
[2023-01-14 16:48:14,753: DEBUG/ForkPoolWorker-1] query payload: <built-in method keys of dict object at 0x7f4e51570c80>
[2023-01-14 16:48:24,767: DEBUG/ForkPoolWorker-1] query /health success: True: tries: 2: sleep: 4 sec
[2023-01-14 16:48:28,770: DEBUG/ForkPoolWorker-1] query url: http://172.21.0.10:8005/action
[2023-01-14 16:48:28,768: DEBUG/ForkPoolWorker-2] query url: http://172.21.0.10:8005/action
[2023-01-14 16:48:28,771: DEBUG/ForkPoolWorker-1] query payload: <built-in method keys of dict object at 0x7f4e51570c80>
[2023-01-14 16:48:28,771: DEBUG/ForkPoolWorker-2] query payload: <built-in method keys of dict object at 0x7f4e515793c0>
[2023-01-14 16:48:38,783: DEBUG/ForkPoolWorker-1] query /health success: False: tries: 3: sleep: 9 sec
[2023-01-14 16:48:38,785: DEBUG/ForkPoolWorker-2] query /health success: False: tries: 4: sleep: 16 sec
[2023-01-14 16:48:50,846: DEBUG/ForkPoolWorker-1] query url: http://172.21.0.10:8005/action
[2023-01-14 16:48:50,846: DEBUG/ForkPoolWorker-1] query payload: <built-in method keys of dict object at 0x7f4e51570c80>
[2023-01-14 16:48:50,852: DEBUG/ForkPoolWorker-2] query url: http://172.21.0.10:8005/action
[2023-01-14 16:48:50,853: DEBUG/ForkPoolWorker-2] query payload: <built-in method keys of dict object at 0x7f4e515793c0>
[2023-01-14 16:49:00,859: DEBUG/ForkPoolWorker-1] query /health success: False: tries: 4: sleep: 16 sec
[2023-01-14 16:49:00,863: DEBUG/ForkPoolWorker-2] query /health success: False: tries: 5: sleep: 25 sec
[2023-01-14 16:49:05,869: DEBUG/ForkPoolWorker-2]  Tried to call a model for point almaty2 5 times
[2023-01-14 16:49:05,872: INFO/ForkPoolWorker-2] Task tasks.run[11b72b37-b7a0-4f10-b7bb-57c24149cad5] succeeded in 61.102363212034106s: {'state': 'model side caused error', 'point': 'almaty2', 'start_time': '2023-01-14 16:48:50.853762', 'error_text': 'ConnectionError'}
[2023-01-14 16:49:12,451: DEBUG/ForkPoolWorker-1] query url: http://172.21.0.10:8005/action
